[dotenv@17.3.1] injecting env (5) from .env -- tip: ΓÜÖ∩╕Å  suppress all logs with { quiet: true }
node : Error 
MissingSchemaError: 
Schema hasn't been 
registered for model 
"User".
At line:1 char:1
+ node check_scores.js 
> test_output.txt 2>&1
+ ~~~~~~~~~~~~~~~~~~~~~
~~~~~~~~~~~~~~~~~~~~~~
    + CategoryInfo     
         : NotSpecifi  
  ed: (Error Missing   
 Sc...r model "User    
".:String) [], Rem    
oteException
    + FullyQualifiedEr 
   rorId : NativeComm  
  andError
 
Use 
mongoose.model(name, 
schema)
    at 
NativeConnection.model 
(D:\groupProject-startu
pmatch\backend\node_mod
ules\mongoose\lib\conne
ction.js:1503:13)
    at 
_getModelFromConn (D:\g
roupProject-startupmatc
h\backend\node_modules\
mongoose\lib\helpers\po
pulate\getModelsMapForP
opulate.js:590:15)
    at 
addModelNamesToMap (D:\
groupProject-startupmat
ch\backend\node_modules
\mongoose\lib\helpers\p
opulate\getModelsMapFor
Populate.js:518:17)
    at getModelsMapForP
opulate (D:\groupProjec
t-startupmatch\backend\
node_modules\mongoose\l
ib\helpers\populate\get
ModelsMapForPopulate.js
:211:7)
    at _populatePath (D
:\groupProject-startupm
atch\backend\node_modul
es\mongoose\lib\model.j
s:4361:21)
    at 
Function.populate (D:\g
roupProject-startupmatc
h\backend\node_modules\
mongoose\lib\model.js:4
328:21)
    at 
model.Query._find (D:\g
roupProject-startupmatc
h\backend\node_modules\
mongoose\lib\query.js:2
470:20)
    at process.processT
icksAndRejections (node
:internal/process/task_
queues:105:5)
    at async 
model.Query.exec (D:\gr
oupProject-startupmatch
\backend\node_modules\m
ongoose\lib\query.js:46
87:63)
    at async testMatch 
(D:\groupProject-startu
pmatch\backend\check_sc
ores.js:9:26)
